{
  "version": "1.5.0",
  "plugins_used": [
    {
      "name": "ArtifactoryDetector"
    },
    {
      "name": "AWSKeyDetector"
    },
    {
      "name": "AzureStorageKeyDetector"
    },
    {
      "name": "Base64HighEntropyString",
      "limit": 4.5
    },
    {
      "name": "BasicAuthDetector"
    },
    {
      "name": "CloudantDetector"
    },
    {
      "name": "DiscordBotTokenDetector"
    },
    {
      "name": "GitHubTokenDetector"
    },
    {
      "name": "GitLabTokenDetector"
    },
    {
      "name": "HexHighEntropyString",
      "limit": 3.0
    },
    {
      "name": "IbmCloudIamDetector"
    },
    {
      "name": "IbmCosHmacDetector"
    },
    {
      "name": "IPPublicDetector"
    },
    {
      "name": "JwtTokenDetector"
    },
    {
      "name": "KeywordDetector",
      "keyword_exclude": ""
    },
    {
      "name": "MailchimpDetector"
    },
    {
      "name": "NpmDetector"
    },
    {
      "name": "OpenAIDetector"
    },
    {
      "name": "PrivateKeyDetector"
    },
    {
      "name": "PypiTokenDetector"
    },
    {
      "name": "SendGridDetector"
    },
    {
      "name": "SlackDetector"
    },
    {
      "name": "SoftlayerDetector"
    },
    {
      "name": "SquareOAuthDetector"
    },
    {
      "name": "StripeDetector"
    },
    {
      "name": "TelegramBotTokenDetector"
    },
    {
      "name": "TwilioKeyDetector"
    }
  ],
  "filters_used": [
    {
      "path": "detect_secrets.filters.allowlist.is_line_allowlisted"
    },
    {
      "path": "detect_secrets.filters.common.is_ignored_due_to_verification_policies",
      "min_level": 2
    },
    {
      "path": "detect_secrets.filters.heuristic.is_indirect_reference"
    },
    {
      "path": "detect_secrets.filters.heuristic.is_likely_id_string"
    },
    {
      "path": "detect_secrets.filters.heuristic.is_lock_file"
    },
    {
      "path": "detect_secrets.filters.heuristic.is_not_alphanumeric_string"
    },
    {
      "path": "detect_secrets.filters.heuristic.is_potential_uuid"
    },
    {
      "path": "detect_secrets.filters.heuristic.is_prefixed_with_dollar_sign"
    },
    {
      "path": "detect_secrets.filters.heuristic.is_sequential_string"
    },
    {
      "path": "detect_secrets.filters.heuristic.is_swagger_file"
    },
    {
      "path": "detect_secrets.filters.heuristic.is_templated_secret"
    },
    {
      "path": "detect_secrets.filters.regex.should_exclude_file",
      "pattern": [
        "pyproject\\.toml|\\.github/workflows/config/\\.secrets\\.baseline"
      ]
    }
  ],
  "results": {
    ".claude/skills/getting-started/SKILL.md": [
      {
        "type": "Secret Keyword",
        "filename": ".claude/skills/getting-started/SKILL.md",
        "hashed_secret": "a8253456364f1bfc7da7ae4a1db5b45d106317a5",
        "is_verified": false,
        "line_number": 212
      },
      {
        "type": "Secret Keyword",
        "filename": ".claude/skills/getting-started/SKILL.md",
        "hashed_secret": "37e1a674c25d562bf64fb6866f496854bfb09704",
        "is_verified": false,
        "line_number": 283
      }
    ],
    "benchmarking/scripts/audio_sortformer_contract.py": [
      {
        "type": "Hex High Entropy String",
        "filename": "benchmarking/scripts/audio_sortformer_contract.py",
        "hashed_secret": "b54d6120c72cb481b07ddf002c549a2773311f8d",
        "is_verified": false,
        "line_number": 25
      },
      {
        "type": "Hex High Entropy String",
        "filename": "benchmarking/scripts/audio_sortformer_contract.py",
        "hashed_secret": "c65c5b66e173081b54623aaff13e920422f737db",
        "is_verified": false,
        "line_number": 40
      },
      {
        "type": "Hex High Entropy String",
        "filename": "benchmarking/scripts/audio_sortformer_contract.py",
        "hashed_secret": "e29751cdc1a1a18383ffdbcd5bbb0bce932bdbcc",
        "is_verified": false,
        "line_number": 43
      },
      {
        "type": "Hex High Entropy String",
        "filename": "benchmarking/scripts/audio_sortformer_contract.py",
        "hashed_secret": "7b9f1d0039a4daa3a5a67ef75e9d086de168e462",
        "is_verified": false,
        "line_number": 48
      },
      {
        "type": "Hex High Entropy String",
        "filename": "benchmarking/scripts/audio_sortformer_contract.py",
        "hashed_secret": "1cbc03f2223f8916d6bee9988b15e6c989f9d1cc",
        "is_verified": false,
        "line_number": 56
      },
      {
        "type": "Hex High Entropy String",
        "filename": "benchmarking/scripts/audio_sortformer_contract.py",
        "hashed_secret": "8a75b0e1241c620beabb161d44bc2b8f06c51154",
        "is_verified": false,
        "line_number": 57
      },
      {
        "type": "Hex High Entropy String",
        "filename": "benchmarking/scripts/audio_sortformer_contract.py",
        "hashed_secret": "8116d9b8c74090784467e2ca5b387ac28280a6a7",
        "is_verified": false,
        "line_number": 58
      },
      {
        "type": "Hex High Entropy String",
        "filename": "benchmarking/scripts/audio_sortformer_contract.py",
        "hashed_secret": "aa9640dab041ef8fd13d6eca9458f9e3e51d25e2",
        "is_verified": false,
        "line_number": 59
      },
      {
        "type": "Hex High Entropy String",
        "filename": "benchmarking/scripts/audio_sortformer_contract.py",
        "hashed_secret": "d9bfe2344ca6704228643011e7fd08c2358944c2",
        "is_verified": false,
        "line_number": 60
      },
      {
        "type": "Hex High Entropy String",
        "filename": "benchmarking/scripts/audio_sortformer_contract.py",
        "hashed_secret": "7b9e0ea6210d36f66896b227ba0b437eca87e671",
        "is_verified": false,
        "line_number": 61
      },
      {
        "type": "Hex High Entropy String",
        "filename": "benchmarking/scripts/audio_sortformer_contract.py",
        "hashed_secret": "f8e5fab82b3feaacc96a3d1c33a12602e6d9a136",
        "is_verified": false,
        "line_number": 62
      },
      {
        "type": "Hex High Entropy String",
        "filename": "benchmarking/scripts/audio_sortformer_contract.py",
        "hashed_secret": "7462ea711cfb818b087d4d8349b8d597f196cf27",
        "is_verified": false,
        "line_number": 63
      },
      {
        "type": "Hex High Entropy String",
        "filename": "benchmarking/scripts/audio_sortformer_contract.py",
        "hashed_secret": "03cb4cf6ae0aee1446703a45b043d346f78f589a",
        "is_verified": false,
        "line_number": 64
      },
      {
        "type": "Hex High Entropy String",
        "filename": "benchmarking/scripts/audio_sortformer_contract.py",
        "hashed_secret": "7bec315a91e7ce8dd165ecde1e70245b61591fc4",
        "is_verified": false,
        "line_number": 65
      },
      {
        "type": "Hex High Entropy String",
        "filename": "benchmarking/scripts/audio_sortformer_contract.py",
        "hashed_secret": "2e2b5f29b40b9f886e13d53fe8a5dee6e38c7572",
        "is_verified": false,
        "line_number": 66
      },
      {
        "type": "Hex High Entropy String",
        "filename": "benchmarking/scripts/audio_sortformer_contract.py",
        "hashed_secret": "02ee182bb88dffd1a96c225954a0e8f1aaffff63",
        "is_verified": false,
        "line_number": 67
      },
      {
        "type": "Hex High Entropy String",
        "filename": "benchmarking/scripts/audio_sortformer_contract.py",
        "hashed_secret": "2402def0d1bfc0da976534f79ec5ccde4ba852ad",
        "is_verified": false,
        "line_number": 68
      },
      {
        "type": "Hex High Entropy String",
        "filename": "benchmarking/scripts/audio_sortformer_contract.py",
        "hashed_secret": "d5995a535a0902da0c58425c6a4d210495275954",
        "is_verified": false,
        "line_number": 69
      },
      {
        "type": "Hex High Entropy String",
        "filename": "benchmarking/scripts/audio_sortformer_contract.py",
        "hashed_secret": "278525abcf702994b3c9497f3a896acb337d4332",
        "is_verified": false,
        "line_number": 70
      },
      {
        "type": "Hex High Entropy String",
        "filename": "benchmarking/scripts/audio_sortformer_contract.py",
        "hashed_secret": "4cf0a2941b065097d3362457fbed0dc61fe42e5f",
        "is_verified": false,
        "line_number": 71
      },
      {
        "type": "Hex High Entropy String",
        "filename": "benchmarking/scripts/audio_sortformer_contract.py",
        "hashed_secret": "1ee181fdee9c83804302957397d7a172e0e55426",
        "is_verified": false,
        "line_number": 72
      },
      {
        "type": "Hex High Entropy String",
        "filename": "benchmarking/scripts/audio_sortformer_contract.py",
        "hashed_secret": "0a9a365c028b444b328442a5e4a15f2eab2911e5",
        "is_verified": false,
        "line_number": 73
      },
      {
        "type": "Hex High Entropy String",
        "filename": "benchmarking/scripts/audio_sortformer_contract.py",
        "hashed_secret": "97db11e893a545eb5aef2199132fd3541f247a17",
        "is_verified": false,
        "line_number": 74
      },
      {
        "type": "Hex High Entropy String",
        "filename": "benchmarking/scripts/audio_sortformer_contract.py",
        "hashed_secret": "38271dd166bb84b31d2d1e1b6eb3a82d58a3889c",
        "is_verified": false,
        "line_number": 75
      },
      {
        "type": "Hex High Entropy String",
        "filename": "benchmarking/scripts/audio_sortformer_contract.py",
        "hashed_secret": "5411194924a5e63ab2e090da799f2454b7c58fd8",
        "is_verified": false,
        "line_number": 76
      },
      {
        "type": "Hex High Entropy String",
        "filename": "benchmarking/scripts/audio_sortformer_contract.py",
        "hashed_secret": "33289dfb7e87481c315ff97c95b71575add8dbdb",
        "is_verified": false,
        "line_number": 77
      },
      {
        "type": "Hex High Entropy String",
        "filename": "benchmarking/scripts/audio_sortformer_contract.py",
        "hashed_secret": "10a98179af5164dbdfe638675b909dce62a4b8d7",
        "is_verified": false,
        "line_number": 78
      },
      {
        "type": "Hex High Entropy String",
        "filename": "benchmarking/scripts/audio_sortformer_contract.py",
        "hashed_secret": "971108cbaa1ed38ce2889cff7c08b54aab54701d",
        "is_verified": false,
        "line_number": 79
      },
      {
        "type": "Hex High Entropy String",
        "filename": "benchmarking/scripts/audio_sortformer_contract.py",
        "hashed_secret": "ca76109b636b53aa79a25de8be41afbd451da13d",
        "is_verified": false,
        "line_number": 80
      },
      {
        "type": "Hex High Entropy String",
        "filename": "benchmarking/scripts/audio_sortformer_contract.py",
        "hashed_secret": "cc6ac9e1bf6fb7b047bfa2a8a7a6137c045ae604",
        "is_verified": false,
        "line_number": 81
      },
      {
        "type": "Hex High Entropy String",
        "filename": "benchmarking/scripts/audio_sortformer_contract.py",
        "hashed_secret": "a2881d14af09e8d5975108d91be45b1ce11e1594",
        "is_verified": false,
        "line_number": 82
      },
      {
        "type": "Hex High Entropy String",
        "filename": "benchmarking/scripts/audio_sortformer_contract.py",
        "hashed_secret": "a5611c5d0e778b66a11b7cde17bd97ecff69476a",
        "is_verified": false,
        "line_number": 83
      },
      {
        "type": "Hex High Entropy String",
        "filename": "benchmarking/scripts/audio_sortformer_contract.py",
        "hashed_secret": "f1cf902cc50cb2676e4d8eaa2c26deb77465f354",
        "is_verified": false,
        "line_number": 84
      },
      {
        "type": "Hex High Entropy String",
        "filename": "benchmarking/scripts/audio_sortformer_contract.py",
        "hashed_secret": "65087af88b156fb6712ee5a4f3b10c572617bb2e",
        "is_verified": false,
        "line_number": 85
      },
      {
        "type": "Hex High Entropy String",
        "filename": "benchmarking/scripts/audio_sortformer_contract.py",
        "hashed_secret": "65ac9bc1b1a5e6f62105659c7ba25260d8806d7f",
        "is_verified": false,
        "line_number": 86
      },
      {
        "type": "Hex High Entropy String",
        "filename": "benchmarking/scripts/audio_sortformer_contract.py",
        "hashed_secret": "d59349dfe800fbce8b941141c787d7809442e639",
        "is_verified": false,
        "line_number": 87
      },
      {
        "type": "Hex High Entropy String",
        "filename": "benchmarking/scripts/audio_sortformer_contract.py",
        "hashed_secret": "e11707a458f7fada48146ca9efab0de2b86055b6",
        "is_verified": false,
        "line_number": 88
      },
      {
        "type": "Hex High Entropy String",
        "filename": "benchmarking/scripts/audio_sortformer_contract.py",
        "hashed_secret": "3d002c5c23b6e6bd149c6f5b6015556d32fcc0ef",
        "is_verified": false,
        "line_number": 89
      }
    ],
    "fern/versions/main/pages/curate-text/synthetic/index.mdx": [
      {
        "type": "Secret Keyword",
        "filename": "fern/versions/main/pages/curate-text/synthetic/index.mdx",
        "hashed_secret": "6d9c68c603e465077bdd49c62347fe54717f83a3",
        "is_verified": false,
        "line_number": 72
      }
    ],
    "fern/versions/main/pages/curate-text/synthetic/inference-server.mdx": [
      {
        "type": "Secret Keyword",
        "filename": "fern/versions/main/pages/curate-text/synthetic/inference-server.mdx",
        "hashed_secret": "ce7501007f04a6529e650f1f1b3fc0586d1d94eb",
        "is_verified": false,
        "line_number": 391
      }
    ],
    "fern/versions/main/pages/curate-text/synthetic/llm-client.mdx": [
      {
        "type": "Secret Keyword",
        "filename": "fern/versions/main/pages/curate-text/synthetic/llm-client.mdx",
        "hashed_secret": "e6bdb3f031eea3001ca83dd43d7d49d65a7a6ce5",
        "is_verified": false,
        "line_number": 32
      },
      {
        "type": "Secret Keyword",
        "filename": "fern/versions/main/pages/curate-text/synthetic/llm-client.mdx",
        "hashed_secret": "2083c49ad8d63838a4d18f1de0c419f06eb464db",
        "is_verified": false,
        "line_number": 43
      },
      {
        "type": "Secret Keyword",
        "filename": "fern/versions/main/pages/curate-text/synthetic/llm-client.mdx",
        "hashed_secret": "ec3810e10fb78db55ce38b9c18d1c3eb1db739e0",
        "is_verified": false,
        "line_number": 127
      },
      {
        "type": "Secret Keyword",
        "filename": "fern/versions/main/pages/curate-text/synthetic/llm-client.mdx",
        "hashed_secret": "11fa7c37d697f30e6aee828b4426a10f83ab2380",
        "is_verified": false,
        "line_number": 134
      },
      {
        "type": "Secret Keyword",
        "filename": "fern/versions/main/pages/curate-text/synthetic/llm-client.mdx",
        "hashed_secret": "ce7501007f04a6529e650f1f1b3fc0586d1d94eb",
        "is_verified": false,
        "line_number": 155
      }
    ],
    "fern/versions/main/pages/curate-text/synthetic/multilingual-qa.mdx": [
      {
        "type": "Secret Keyword",
        "filename": "fern/versions/main/pages/curate-text/synthetic/multilingual-qa.mdx",
        "hashed_secret": "2083c49ad8d63838a4d18f1de0c419f06eb464db",
        "is_verified": false,
        "line_number": 28
      }
    ],
    "fern/versions/main/pages/curate-text/synthetic/nemo-data-designer.mdx": [
      {
        "type": "Secret Keyword",
        "filename": "fern/versions/main/pages/curate-text/synthetic/nemo-data-designer.mdx",
        "hashed_secret": "ce7501007f04a6529e650f1f1b3fc0586d1d94eb",
        "is_verified": false,
        "line_number": 188
      }
    ],
    "fern/versions/v26.02/pages/curate-text/synthetic/index.mdx": [
      {
        "type": "Secret Keyword",
        "filename": "fern/versions/v26.02/pages/curate-text/synthetic/index.mdx",
        "hashed_secret": "6d9c68c603e465077bdd49c62347fe54717f83a3",
        "is_verified": false,
        "line_number": 68
      }
    ],
    "fern/versions/v26.02/pages/curate-text/synthetic/llm-client.mdx": [
      {
        "type": "Secret Keyword",
        "filename": "fern/versions/v26.02/pages/curate-text/synthetic/llm-client.mdx",
        "hashed_secret": "e6bdb3f031eea3001ca83dd43d7d49d65a7a6ce5",
        "is_verified": false,
        "line_number": 32
      },
      {
        "type": "Secret Keyword",
        "filename": "fern/versions/v26.02/pages/curate-text/synthetic/llm-client.mdx",
        "hashed_secret": "2083c49ad8d63838a4d18f1de0c419f06eb464db",
        "is_verified": false,
        "line_number": 43
      },
      {
        "type": "Secret Keyword",
        "filename": "fern/versions/v26.02/pages/curate-text/synthetic/llm-client.mdx",
        "hashed_secret": "ec3810e10fb78db55ce38b9c18d1c3eb1db739e0",
        "is_verified": false,
        "line_number": 126
      },
      {
        "type": "Secret Keyword",
        "filename": "fern/versions/v26.02/pages/curate-text/synthetic/llm-client.mdx",
        "hashed_secret": "11fa7c37d697f30e6aee828b4426a10f83ab2380",
        "is_verified": false,
        "line_number": 133
      }
    ],
    "fern/versions/v26.02/pages/curate-text/synthetic/multilingual-qa.mdx": [
      {
        "type": "Secret Keyword",
        "filename": "fern/versions/v26.02/pages/curate-text/synthetic/multilingual-qa.mdx",
        "hashed_secret": "2083c49ad8d63838a4d18f1de0c419f06eb464db",
        "is_verified": false,
        "line_number": 28
      }
    ],
    "fern/versions/v26.04/pages/curate-text/synthetic/index.mdx": [
      {
        "type": "Secret Keyword",
        "filename": "fern/versions/v26.04/pages/curate-text/synthetic/index.mdx",
        "hashed_secret": "6d9c68c603e465077bdd49c62347fe54717f83a3",
        "is_verified": false,
        "line_number": 72
      }
    ],
    "fern/versions/v26.04/pages/curate-text/synthetic/inference-server.mdx": [
      {
        "type": "Secret Keyword",
        "filename": "fern/versions/v26.04/pages/curate-text/synthetic/inference-server.mdx",
        "hashed_secret": "ce7501007f04a6529e650f1f1b3fc0586d1d94eb",
        "is_verified": false,
        "line_number": 173
      }
    ],
    "fern/versions/v26.04/pages/curate-text/synthetic/llm-client.mdx": [
      {
        "type": "Secret Keyword",
        "filename": "fern/versions/v26.04/pages/curate-text/synthetic/llm-client.mdx",
        "hashed_secret": "e6bdb3f031eea3001ca83dd43d7d49d65a7a6ce5",
        "is_verified": false,
        "line_number": 32
      },
      {
        "type": "Secret Keyword",
        "filename": "fern/versions/v26.04/pages/curate-text/synthetic/llm-client.mdx",
        "hashed_secret": "2083c49ad8d63838a4d18f1de0c419f06eb464db",
        "is_verified": false,
        "line_number": 43
      },
      {
        "type": "Secret Keyword",
        "filename": "fern/versions/v26.04/pages/curate-text/synthetic/llm-client.mdx",
        "hashed_secret": "ec3810e10fb78db55ce38b9c18d1c3eb1db739e0",
        "is_verified": false,
        "line_number": 127
      },
      {
        "type": "Secret Keyword",
        "filename": "fern/versions/v26.04/pages/curate-text/synthetic/llm-client.mdx",
        "hashed_secret": "11fa7c37d697f30e6aee828b4426a10f83ab2380",
        "is_verified": false,
        "line_number": 134
      },
      {
        "type": "Secret Keyword",
        "filename": "fern/versions/v26.04/pages/curate-text/synthetic/llm-client.mdx",
        "hashed_secret": "ce7501007f04a6529e650f1f1b3fc0586d1d94eb",
        "is_verified": false,
        "line_number": 155
      }
    ],
    "fern/versions/v26.04/pages/curate-text/synthetic/multilingual-qa.mdx": [
      {
        "type": "Secret Keyword",
        "filename": "fern/versions/v26.04/pages/curate-text/synthetic/multilingual-qa.mdx",
        "hashed_secret": "2083c49ad8d63838a4d18f1de0c419f06eb464db",
        "is_verified": false,
        "line_number": 28
      }
    ],
    "fern/versions/v26.04/pages/curate-text/synthetic/nemo-data-designer.mdx": [
      {
        "type": "Secret Keyword",
        "filename": "fern/versions/v26.04/pages/curate-text/synthetic/nemo-data-designer.mdx",
        "hashed_secret": "ce7501007f04a6529e650f1f1b3fc0586d1d94eb",
        "is_verified": false,
        "line_number": 183
      }
    ],
    "fern/versions/v26.07/pages/curate-text/synthetic/index.mdx": [
      {
        "type": "Secret Keyword",
        "filename": "fern/versions/v26.07/pages/curate-text/synthetic/index.mdx",
        "hashed_secret": "6d9c68c603e465077bdd49c62347fe54717f83a3",
        "is_verified": false,
        "line_number": 72
      }
    ],
    "fern/versions/v26.07/pages/curate-text/synthetic/inference-server.mdx": [
      {
        "type": "Secret Keyword",
        "filename": "fern/versions/v26.07/pages/curate-text/synthetic/inference-server.mdx",
        "hashed_secret": "ce7501007f04a6529e650f1f1b3fc0586d1d94eb",
        "is_verified": false,
        "line_number": 377
      }
    ],
    "fern/versions/v26.07/pages/curate-text/synthetic/llm-client.mdx": [
      {
        "type": "Secret Keyword",
        "filename": "fern/versions/v26.07/pages/curate-text/synthetic/llm-client.mdx",
        "hashed_secret": "e6bdb3f031eea3001ca83dd43d7d49d65a7a6ce5",
        "is_verified": false,
        "line_number": 32
      },
      {
        "type": "Secret Keyword",
        "filename": "fern/versions/v26.07/pages/curate-text/synthetic/llm-client.mdx",
        "hashed_secret": "2083c49ad8d63838a4d18f1de0c419f06eb464db",
        "is_verified": false,
        "line_number": 43
      },
      {
        "type": "Secret Keyword",
        "filename": "fern/versions/v26.07/pages/curate-text/synthetic/llm-client.mdx",
        "hashed_secret": "ec3810e10fb78db55ce38b9c18d1c3eb1db739e0",
        "is_verified": false,
        "line_number": 127
      },
      {
        "type": "Secret Keyword",
        "filename": "fern/versions/v26.07/pages/curate-text/synthetic/llm-client.mdx",
        "hashed_secret": "11fa7c37d697f30e6aee828b4426a10f83ab2380",
        "is_verified": false,
        "line_number": 134
      },
      {
        "type": "Secret Keyword",
        "filename": "fern/versions/v26.07/pages/curate-text/synthetic/llm-client.mdx",
        "hashed_secret": "ce7501007f04a6529e650f1f1b3fc0586d1d94eb",
        "is_verified": false,
        "line_number": 155
      }
    ],
    "fern/versions/v26.07/pages/curate-text/synthetic/multilingual-qa.mdx": [
      {
        "type": "Secret Keyword",
        "filename": "fern/versions/v26.07/pages/curate-text/synthetic/multilingual-qa.mdx",
        "hashed_secret": "2083c49ad8d63838a4d18f1de0c419f06eb464db",
        "is_verified": false,
        "line_number": 28
      }
    ],
    "fern/versions/v26.07/pages/curate-text/synthetic/nemo-data-designer.mdx": [
      {
        "type": "Secret Keyword",
        "filename": "fern/versions/v26.07/pages/curate-text/synthetic/nemo-data-designer.mdx",
        "hashed_secret": "ce7501007f04a6529e650f1f1b3fc0586d1d94eb",
        "is_verified": false,
        "line_number": 185
      }
    ],
    "nemo_curator/models/nemotron_h_vl.py": [
      {
        "type": "Hex High Entropy String",
        "filename": "nemo_curator/models/nemotron_h_vl.py",
        "hashed_secret": "7e44041c8ec081054af6ccf0758efa3771e99123",
        "is_verified": false,
        "line_number": 52
      },
      {
        "type": "Hex High Entropy String",
        "filename": "nemo_curator/models/nemotron_h_vl.py",
        "hashed_secret": "f1a89dd2b19e1d30ac4fc1a8d1f4993796c9d1e6",
        "is_verified": false,
        "line_number": 54
      },
      {
        "type": "Hex High Entropy String",
        "filename": "nemo_curator/models/nemotron_h_vl.py",
        "hashed_secret": "d7f11e2581dd9d25522592e7cfb9346a749f51f3",
        "is_verified": false,
        "line_number": 55
      }
    ],
    "tests/models/client/test_openai_client.py": [
      {
        "type": "Secret Keyword",
        "filename": "tests/models/client/test_openai_client.py",
        "hashed_secret": "3acfb2c2b433c0ea7ff107e33df91b18e52f960f",
        "is_verified": false,
        "line_number": 41
      }
    ],
    "tutorials/audio/alm/alm_tutorial.ipynb": [
      {
        "type": "Hex High Entropy String",
        "filename": "tutorials/audio/alm/alm_tutorial.ipynb",
        "hashed_secret": "5b62d261471e9fea54e633cf3c67a8ba9f2cccea",
        "is_verified": false,
        "line_number": 1083
      },
      {
        "type": "Base64 High Entropy String",
        "filename": "tutorials/audio/alm/alm_tutorial.ipynb",
        "hashed_secret": "69a2157291809d8a7ac273cf8df038befa52c161",
        "is_verified": false,
        "line_number": 1499
      }
    ],
    "tutorials/audio/fleurs/fleurs_tutorial.ipynb": [
      {
        "type": "Hex High Entropy String",
        "filename": "tutorials/audio/fleurs/fleurs_tutorial.ipynb",
        "hashed_secret": "b158f69d26847139deedc024c3270d8b8fc79d81",
        "is_verified": false,
        "line_number": 232
      },
      {
        "type": "Base64 High Entropy String",
        "filename": "tutorials/audio/fleurs/fleurs_tutorial.ipynb",
        "hashed_secret": "45b1cbaefaa19a0f8d57a797a742ff8e5681b922",
        "is_verified": false,
        "line_number": 323
      }
    ],
    "tutorials/audio/readspeech/readspeech_tutorial.ipynb": [
      {
        "type": "Base64 High Entropy String",
        "filename": "tutorials/audio/readspeech/readspeech_tutorial.ipynb",
        "hashed_secret": "222e7333c391c0c863fd9188ea3c38e92877a1e8",
        "is_verified": false,
        "line_number": 309
      },
      {
        "type": "Base64 High Entropy String",
        "filename": "tutorials/audio/readspeech/readspeech_tutorial.ipynb",
        "hashed_secret": "ca7df517f8a04b81e04b00f60f77fa72a7e4f603",
        "is_verified": false,
        "line_number": 353
      },
      {
        "type": "Base64 High Entropy String",
        "filename": "tutorials/audio/readspeech/readspeech_tutorial.ipynb",
        "hashed_secret": "d64c52dd28794eb7b200a5bb1af41e5a9c3b48c2",
        "is_verified": false,
        "line_number": 405
      },
      {
        "type": "Base64 High Entropy String",
        "filename": "tutorials/audio/readspeech/readspeech_tutorial.ipynb",
        "hashed_secret": "d27e746e9808aa7e463c168079e79cdf85c990b7",
        "is_verified": false,
        "line_number": 477
      }
    ],
    "tutorials/synthetic/README.md": [
      {
        "type": "Secret Keyword",
        "filename": "tutorials/synthetic/README.md",
        "hashed_secret": "aecdccc1cf64595b34e0cc152d238daabb32183a",
        "is_verified": false,
        "line_number": 15
      }
    ],
    "tutorials/text/deduplication/semantic/semantic_e2e.ipynb": [
      {
        "type": "Base64 High Entropy String",
        "filename": "tutorials/text/deduplication/semantic/semantic_e2e.ipynb",
        "hashed_secret": "00ad2e1afc84d1b7c3c139b68f00edd67998232c",
        "is_verified": false,
        "line_number": 653
      }
    ],
    "tutorials/text/deduplication/semantic/semantic_step_by_step.ipynb": [
      {
        "type": "Base64 High Entropy String",
        "filename": "tutorials/text/deduplication/semantic/semantic_step_by_step.ipynb",
        "hashed_secret": "00ad2e1afc84d1b7c3c139b68f00edd67998232c",
        "is_verified": false,
        "line_number": 671
      }
    ]
  },
  "generated_at": "2026-08-13T05:51:19Z"
}
