{
  "version": "1.5.0",
  "plugins_used": [
    {
      "name": "ArtifactoryDetector"
    },
    {
      "name": "AWSKeyDetector"
    },
    {
      "name": "AzureStorageKeyDetector"
    },
    {
      "name": "Base64HighEntropyString",
      "limit": 4.5
    },
    {
      "name": "BasicAuthDetector"
    },
    {
      "name": "CloudantDetector"
    },
    {
      "name": "DiscordBotTokenDetector"
    },
    {
      "name": "GitHubTokenDetector"
    },
    {
      "name": "GitLabTokenDetector"
    },
    {
      "name": "HexHighEntropyString",
      "limit": 3.0
    },
    {
      "name": "IbmCloudIamDetector"
    },
    {
      "name": "IbmCosHmacDetector"
    },
    {
      "name": "IPPublicDetector"
    },
    {
      "name": "JwtTokenDetector"
    },
    {
      "name": "KeywordDetector",
      "keyword_exclude": ""
    },
    {
      "name": "MailchimpDetector"
    },
    {
      "name": "NpmDetector"
    },
    {
      "name": "OpenAIDetector"
    },
    {
      "name": "PrivateKeyDetector"
    },
    {
      "name": "PypiTokenDetector"
    },
    {
      "name": "SendGridDetector"
    },
    {
      "name": "SlackDetector"
    },
    {
      "name": "SoftlayerDetector"
    },
    {
      "name": "SquareOAuthDetector"
    },
    {
      "name": "StripeDetector"
    },
    {
      "name": "TelegramBotTokenDetector"
    },
    {
      "name": "TwilioKeyDetector"
    }
  ],
  "filters_used": [
    {
      "path": "detect_secrets.filters.allowlist.is_line_allowlisted"
    },
    {
      "path": "detect_secrets.filters.common.is_ignored_due_to_verification_policies",
      "min_level": 2
    },
    {
      "path": "detect_secrets.filters.heuristic.is_indirect_reference"
    },
    {
      "path": "detect_secrets.filters.heuristic.is_likely_id_string"
    },
    {
      "path": "detect_secrets.filters.heuristic.is_lock_file"
    },
    {
      "path": "detect_secrets.filters.heuristic.is_not_alphanumeric_string"
    },
    {
      "path": "detect_secrets.filters.heuristic.is_potential_uuid"
    },
    {
      "path": "detect_secrets.filters.heuristic.is_prefixed_with_dollar_sign"
    },
    {
      "path": "detect_secrets.filters.heuristic.is_sequential_string"
    },
    {
      "path": "detect_secrets.filters.heuristic.is_swagger_file"
    },
    {
      "path": "detect_secrets.filters.heuristic.is_templated_secret"
    },
    {
      "path": "detect_secrets.filters.regex.should_exclude_file",
      "pattern": [
        "pyproject\\.toml"
      ]
    }
  ],
  "results": {
    "docs\\user-guide\\personalidentifiableinformationidentificationandremoval.rst": [
      {
        "type": "Secret Keyword",
        "filename": "docs\\user-guide\\personalidentifiableinformationidentificationandremoval.rst",
        "hashed_secret": "056b7ad513cd3aa91064c4af446ea61fec3e43d8",
        "is_verified": false,
        "line_number": 147
      }
    ],
    "examples\\async_llm_pii_redaction.py": [
      {
        "type": "Secret Keyword",
        "filename": "examples\\async_llm_pii_redaction.py",
        "hashed_secret": "056b7ad513cd3aa91064c4af446ea61fec3e43d8",
        "is_verified": false,
        "line_number": 40
      }
    ],
    "examples\\llm_pii_redaction.py": [
      {
        "type": "Secret Keyword",
        "filename": "examples\\llm_pii_redaction.py",
        "hashed_secret": "056b7ad513cd3aa91064c4af446ea61fec3e43d8",
        "is_verified": false,
        "line_number": 40
      }
    ],
    "nemo_curator\\modifiers\\async_llm_pii_modifier.py": [
      {
        "type": "Secret Keyword",
        "filename": "nemo_curator\\modifiers\\async_llm_pii_modifier.py",
        "hashed_secret": "056b7ad513cd3aa91064c4af446ea61fec3e43d8",
        "is_verified": false,
        "line_number": 99
      }
    ],
    "nemo_curator\\modifiers\\llm_pii_modifier.py": [
      {
        "type": "Secret Keyword",
        "filename": "nemo_curator\\modifiers\\llm_pii_modifier.py",
        "hashed_secret": "056b7ad513cd3aa91064c4af446ea61fec3e43d8",
        "is_verified": false,
        "line_number": 93
      }
    ],
    "tests\\test_sdg_pipeline_filters.py": [
      {
        "type": "Hex High Entropy String",
        "filename": "tests\\test_sdg_pipeline_filters.py",
        "hashed_secret": "60c81445dd8739296d49c9ecc57242e901179479",
        "is_verified": false,
        "line_number": 52
      },
      {
        "type": "Hex High Entropy String",
        "filename": "tests\\test_sdg_pipeline_filters.py",
        "hashed_secret": "b5aada482102e06a6427f9631004e0e21b2a6387",
        "is_verified": false,
        "line_number": 60
      },
      {
        "type": "Hex High Entropy String",
        "filename": "tests\\test_sdg_pipeline_filters.py",
        "hashed_secret": "1b46eb657a12374338b27c2b70d1eccdfe3bdc22",
        "is_verified": false,
        "line_number": 68
      }
    ],
    "tutorials\\dapt-curation\\code\\sources\\github_repos.jsonl": [
      {
        "type": "Base64 High Entropy String",
        "filename": "tutorials\\dapt-curation\\code\\sources\\github_repos.jsonl",
        "hashed_secret": "d0c106ffff7edc00e30e3c3c995d901acde1d405",
        "is_verified": false,
        "line_number": 5
      }
    ],
    "tutorials\\image-curation\\image-curation.ipynb": [
      {
        "type": "Base64 High Entropy String",
        "filename": "tutorials\\image-curation\\image-curation.ipynb",
        "hashed_secret": "282868f56ad46bbf94ed5bdf6c79a3c7aa9f8535",
        "is_verified": false,
        "line_number": 474
      },
      {
        "type": "Base64 High Entropy String",
        "filename": "tutorials\\image-curation\\image-curation.ipynb",
        "hashed_secret": "386ae8a91a8e4888f6ccd9cf5af64f85403c7b9f",
        "is_verified": false,
        "line_number": 786
      },
      {
        "type": "Base64 High Entropy String",
        "filename": "tutorials\\image-curation\\image-curation.ipynb",
        "hashed_secret": "df5293a5ed977f2a81b68f40f673985f6599a3f2",
        "is_verified": false,
        "line_number": 808
      }
    ],
    "tutorials\\nemo-retriever-synthetic-data-generation\\config\\config-fiqa.yaml": [
      {
        "type": "Secret Keyword",
        "filename": "tutorials\\nemo-retriever-synthetic-data-generation\\config\\config-fiqa.yaml",
        "hashed_secret": "8f5785953b8e4c020b9c46ffca805ac72c44f17b",
        "is_verified": false,
        "line_number": 3
      }
    ],
    "tutorials\\nemo-retriever-synthetic-data-generation\\config\\config-nq.yaml": [
      {
        "type": "Secret Keyword",
        "filename": "tutorials\\nemo-retriever-synthetic-data-generation\\config\\config-nq.yaml",
        "hashed_secret": "8f5785953b8e4c020b9c46ffca805ac72c44f17b",
        "is_verified": false,
        "line_number": 3
      }
    ],
    "tutorials\\nemo-retriever-synthetic-data-generation\\config\\config.yaml": [
      {
        "type": "Secret Keyword",
        "filename": "tutorials\\nemo-retriever-synthetic-data-generation\\config\\config.yaml",
        "hashed_secret": "8f5785953b8e4c020b9c46ffca805ac72c44f17b",
        "is_verified": false,
        "line_number": 3
      }
    ],
    "tutorials\\nemo-retriever-synthetic-data-generation\\config\\hard-negative-mining-config.yaml": [
      {
        "type": "Secret Keyword",
        "filename": "tutorials\\nemo-retriever-synthetic-data-generation\\config\\hard-negative-mining-config.yaml",
        "hashed_secret": "8f5785953b8e4c020b9c46ffca805ac72c44f17b",
        "is_verified": false,
        "line_number": 7
      }
    ]
  },
  "generated_at": "2025-07-22T23:34:02Z"
}
